// Jest Snapshot v1, https://goo.gl/fbAQLP

exports[`pruebas en el productCard Debe incrementar el contador 1`] = `
<div
  className="productCard Custom class"
>
  <h1>
    Product card
  </h1>
  <span>
    0
  </span>
  <button
    onClick={[Function]}
  />
</div>
`;

exports[`pruebas en el productCard debe mostrar el componente correctamente 1`] = `
<div
  className="productCard Custom class"
>
  <p>
    children
  </p>
</div>
`;
