// Jest Snapshot v1, https://goo.gl/fbAQLP

exports[`pruebas en el productTittle debe mostrar el componente con el nombre del producto 1`] = `
<div
  className="productCard undefined"
>
  <span
    className="productDescription undefined"
  >
    Coffee Mug de verdad
  </span>
</div>
`;

exports[`pruebas en el productTittle debe mostrar el componente correctamente con el titulo personalizado 1`] = `
<span
  className="productDescription Custom class"
>
  Titulo personalizado
</span>
`;
